I'm sorry, but errors were detected in your script. Please correct the
errors listed below, and try again.


File "game/script.rpy", line 813: end of line expected.
    mc "Hello Johnny! Nice seeing you again and I see that your as lively as ever, the topics seem so hard don’t ya think?":
                                                                                                                           ^

Ren'Py Version: Ren'Py 8.1.3.23091805
Thu Mar 28 12:22:36 2024
